2026-08-28 10:39:02.562  INFO 843265 --- [           main] c.c.s.CognodbSupplyChainApplication     :54 : Starting CognodbSupplyChainApplication using Java 21.0.12 with PID 843265 (/home/neelkamal/Documents/workspace-spring-tool-suite/supplychain-api/target/classes started by neelkamal in /home/neelkamal/Documents/workspace-spring-tool-suite/supplychain-api)
2026-08-28 10:39:02.563  INFO 843265 --- [           main] c.c.s.CognodbSupplyChainApplication     :652 : No active profile set, falling back to 1 default profile: "default"
2026-08-28 10:39:02.742  INFO 843265 --- [           main] .s.d.r.c.RepositoryConfigurationDelegate:145 : Bootstrapping Spring Data Neo4j repositories in DEFAULT mode.
2026-08-28 10:39:02.783  INFO 843265 --- [           main] .s.d.r.c.RepositoryConfigurationDelegate:213 : Finished Spring Data repository scanning in 39 ms. Found 0 Neo4j repository interfaces.
2026-08-28 10:39:02.786  INFO 843265 --- [           main] .s.d.r.c.RepositoryConfigurationDelegate:145 : Bootstrapping Spring Data Neo4j repositories in DEFAULT mode.
2026-08-28 10:39:02.796  INFO 843265 --- [           main] .s.d.r.c.RepositoryConfigurationDelegate:213 : Finished Spring Data repository scanning in 8 ms. Found 5 Neo4j repository interfaces.
2026-08-28 10:39:02.851  INFO 843265 --- [           main] ptablePropertiesBeanFactoryPostProcessor:44 : Post-processing PropertySource instances
2026-08-28 10:39:02.851  INFO 843265 --- [           main] c.u.j.EncryptablePropertySourceConverter:105 : Skipping PropertySource configurationProperties [class org.springframework.boot.context.properties.source.ConfigurationPropertySourcesPropertySource
2026-08-28 10:39:02.852  INFO 843265 --- [           main] c.u.j.EncryptablePropertySourceConverter:105 : Skipping PropertySource servletConfigInitParams [class org.springframework.core.env.PropertySource$StubPropertySource
2026-08-28 10:39:02.852  INFO 843265 --- [           main] c.u.j.EncryptablePropertySourceConverter:105 : Skipping PropertySource servletContextInitParams [class org.springframework.core.env.PropertySource$StubPropertySource
2026-08-28 10:39:02.852  INFO 843265 --- [           main] c.u.j.EncryptablePropertySourceConverter:110 : Converting PropertySource systemProperties [org.springframework.core.env.PropertiesPropertySource] to EncryptableMapPropertySourceWrapper
2026-08-28 10:39:02.852  INFO 843265 --- [           main] c.u.j.EncryptablePropertySourceConverter:110 : Converting PropertySource systemEnvironment [org.springframework.boot.support.SystemEnvironmentPropertySourceEnvironmentPostProcessor$OriginAwareSystemEnvironmentPropertySource] to EncryptableSystemEnvironmentPropertySourceWrapper
2026-08-28 10:39:02.852  INFO 843265 --- [           main] c.u.j.EncryptablePropertySourceConverter:110 : Converting PropertySource random [org.springframework.boot.env.RandomValuePropertySource] to EncryptablePropertySourceWrapper
2026-08-28 10:39:02.852  INFO 843265 --- [           main] c.u.j.EncryptablePropertySourceConverter:110 : Converting PropertySource Config resource 'class path resource [application.properties]' via location 'optional:classpath:/' [org.springframework.boot.env.OriginTrackedMapPropertySource] to EncryptableMapPropertySourceWrapper
2026-08-28 10:39:02.852  INFO 843265 --- [           main] c.u.j.EncryptablePropertySourceConverter:110 : Converting PropertySource applicationInfo [org.springframework.boot.ApplicationInfoPropertySource] to EncryptableMapPropertySourceWrapper
2026-08-28 10:39:02.902  INFO 843265 --- [           main] c.u.j.filter.DefaultLazyPropertyFilter  :45 : Property Filter custom Bean not found with name 'encryptablePropertyFilter'. Initializing Default Property Filter
2026-08-28 10:39:02.904  INFO 843265 --- [           main] c.u.j.r.DefaultLazyPropertyResolver     :46 : Property Resolver custom Bean not found with name 'encryptablePropertyResolver'. Initializing Default Property Resolver
2026-08-28 10:39:02.905  INFO 843265 --- [           main] c.u.j.d.DefaultLazyPropertyDetector     :44 : Property Detector custom Bean not found with name 'encryptablePropertyDetector'. Initializing Default Property Detector
2026-08-28 10:39:02.960  INFO 843265 --- [           main] o.s.boot.tomcat.TomcatWebServer         :114 : Tomcat initialized with port 8081 (http)
2026-08-28 10:39:02.965  INFO 843265 --- [           main] o.apache.catalina.core.StandardService  :168 : Starting service [Tomcat]
2026-08-28 10:39:02.965  INFO 843265 --- [           main] o.apache.catalina.core.StandardEngine   :168 : Starting Servlet engine: [Apache Tomcat/11.0.24]
2026-08-28 10:39:02.976  INFO 843265 --- [           main] b.w.c.s.WebApplicationContextInitializer:77 : Root WebApplicationContext: initialization completed in 400 ms
2026-08-28 10:39:03.037  INFO 843265 --- [           main] c.c.supplychain.config.CommonConfig     :28 : Creating ObjectMapper bean.
2026-08-28 10:39:03.066  INFO 843265 --- [           main] c.c.supplychain.config.CommonConfig     :44 : Creating jasyptStringEncryptor bean.
2026-08-28 10:39:03.067  INFO 843265 --- [           main] c.u.j.encryptor.DefaultLazyEncryptor    :41 : Found Custom Encryptor Bean org.jasypt.encryption.pbe.PooledPBEStringEncryptor@615efd1c with name: jasyptStringEncryptor
2026-08-28 10:39:03.140  INFO 843265 --- [           main] o.neo4j.driver.internal.DriverFactory   :230 : Driver instance 1507174141 created for server uri 'bolt+s://db-b34659a0.bravo.databases.cognodb.com'
2026-08-28 10:39:03.390  INFO 843265 --- [           main] o.s.boot.tomcat.TomcatWebServer         :240 : Tomcat started on port 8081 (http) with context path '/api'
2026-08-28 10:39:03.392  INFO 843265 --- [           main] c.c.s.CognodbSupplyChainApplication     :60 : Started CognodbSupplyChainApplication in 0.966 seconds (process running for 1.147)
2026-08-28 10:41:07.433  INFO 843265 --- [on(4)-127.0.0.1] inMXBeanRegistrar$SpringApplicationAdmin:150 : Application shutdown requested.
2026-08-28 10:41:07.439  INFO 843265 --- [on(4)-127.0.0.1] o.s.boot.tomcat.GracefulShutdown        :54 : Commencing graceful shutdown. Waiting for active requests to complete
2026-08-28 10:41:07.445  INFO 843265 --- [tomcat-shutdown] o.s.boot.tomcat.GracefulShutdown        :76 : Graceful shutdown complete
